HTTP/1.1 201 Created
Content-Length: 0

HTTP/1.1 200 OK
Content-Length: 127635

