HTTP/1.1 200 OK
Content-Length: 3

3
4HTTP/1.1 200 OK
Content-Length: 4

4
10